main.c:97:6:read_encoder	4	static
main.c:104:6:HAL_TIM_PeriodElapsedCallback	24	static
main.c:116:6:PID_controller	32	static
main.c:130:6:xuat_PWM	24	static
main.c:148:6:process_RXData	64	static
main.c:186:6:HAL_UART_RxCpltCallback	16	static
main.c:209:5:main	32	static
main.c:277:6:SystemClock_Config	88	static
main.c:321:13:MX_TIM1_Init	56	static
main.c:371:13:MX_TIM3_Init	32	static
main.c:416:13:MX_TIM9_Init	40	static
main.c:462:13:MX_USART2_UART_Init	8	static
main.c:495:13:MX_GPIO_Init	24	static
main.c:513:6:Error_Handler	4	static,ignoring_inline_asm
